[2026-07-22 10:25:45,923] INFO bot: Polling rejimida ishga tushirilmoqda...
[2026-07-22 10:26:27,397] INFO bot: Polling rejimida ishga tushirilmoqda...
[2026-07-22 10:26:34,322] INFO bot: update=message user=8623551943 payload=/start
[2026-07-22 10:26:34,347] ERROR TeleBot: Infinity polling exception: no such table: users_user
[2026-07-22 10:26:34,352] ERROR TeleBot: Exception traceback:
Traceback (most recent call last):
  File "/Users/a1/Desktop/github/tasks/.venv/lib/python3.13/site-packages/django/db/backends/utils.py", line 105, in _execute
    return self.cursor.execute(sql, params)
           ~~~~~~~~~~~~~~~~~~~^^^^^^^^^^^^^
  File "/Users/a1/Desktop/github/tasks/.venv/lib/python3.13/site-packages/django/db/backends/sqlite3/base.py", line 329, in execute
    return super().execute(query, params)
           ~~~~~~~~~~~~~~~^^^^^^^^^^^^^^^
sqlite3.OperationalError: no such table: users_user

The above exception was the direct cause of the following exception:

Traceback (most recent call last):
  File "/Users/a1/Desktop/github/tasks/.venv/lib/python3.13/site-packages/telebot/__init__.py", line 1149, in infinity_polling
    self.polling(non_stop=True, timeout=timeout, long_polling_timeout=long_polling_timeout,
    ~~~~~~~~~~~~^^^^^^^^^^^^^^^^^^^^^^^^^^^^^^^^^^^^^^^^^^^^^^^^^^^^^^^^^^^^^^^^^^^^^^^^^^^
                 logger_level=logger_level, allowed_updates=allowed_updates, restart_on_change=False,
                 ^^^^^^^^^^^^^^^^^^^^^^^^^^^^^^^^^^^^^^^^^^^^^^^^^^^^^^^^^^^^^^^^^^^^^^^^^^^^^^^^^^^^
                 *args, **kwargs)
                 ^^^^^^^^^^^^^^^^
  File "/Users/a1/Desktop/github/tasks/.venv/lib/python3.13/site-packages/telebot/__init__.py", line 1237, in polling
    self.__threaded_polling(non_stop=non_stop, interval=interval, timeout=timeout, long_polling_timeout=long_polling_timeout,
    ~~~~~~~~~~~~~~~~~~~~~~~^^^^^^^^^^^^^^^^^^^^^^^^^^^^^^^^^^^^^^^^^^^^^^^^^^^^^^^^^^^^^^^^^^^^^^^^^^^^^^^^^^^^^^^^^^^^^^^^^^
                            logger_level=logger_level, allowed_updates=allowed_updates)
                            ^^^^^^^^^^^^^^^^^^^^^^^^^^^^^^^^^^^^^^^^^^^^^^^^^^^^^^^^^^^
  File "/Users/a1/Desktop/github/tasks/.venv/lib/python3.13/site-packages/telebot/__init__.py", line 1312, in __threaded_polling
    raise e
  File "/Users/a1/Desktop/github/tasks/.venv/lib/python3.13/site-packages/telebot/__init__.py", line 1274, in __threaded_polling
    self.worker_pool.raise_exceptions()
    ~~~~~~~~~~~~~~~~~~~~~~~~~~~~~~~~~^^
  File "/Users/a1/Desktop/github/tasks/.venv/lib/python3.13/site-packages/telebot/util.py", line 155, in raise_exceptions
    raise self.exception_info
  File "/Users/a1/Desktop/github/tasks/.venv/lib/python3.13/site-packages/telebot/util.py", line 98, in run
    task(*args, **kwargs)
    ~~~~^^^^^^^^^^^^^^^^^
  File "/Users/a1/Desktop/github/tasks/.venv/lib/python3.13/site-packages/telebot/__init__.py", line 11409, in _run_middlewares_and_handler
    result = handler['function'](message)
  File "/Users/a1/Desktop/github/tasks/bot/main.py", line 61, in on_start
    dashboard.handle_start(bot, message)
    ~~~~~~~~~~~~~~~~~~~~~~^^^^^^^^^^^^^^
  File "/Users/a1/Desktop/github/tasks/bot/handlers/dashboard.py", line 41, in handle_start
    user = get_or_create_user(message.from_user)
  File "/Users/a1/Desktop/github/tasks/bot/handlers/dashboard.py", line 12, in get_or_create_user
    user, created = User.objects.get_or_create(
                    ~~~~~~~~~~~~~~~~~~~~~~~~~~^
        telegram_id=telegram_user.id,
        ^^^^^^^^^^^^^^^^^^^^^^^^^^^^^
    ...<3 lines>...
        },
        ^^
    )
    ^
  File "/Users/a1/Desktop/github/tasks/.venv/lib/python3.13/site-packages/django/db/models/manager.py", line 87, in manager_method
    return getattr(self.get_queryset(), name)(*args, **kwargs)
           ~~~~~~~~~~~~~~~~~~~~~~~~~~~~~~~~~~^^^^^^^^^^^^^^^^^
  File "/Users/a1/Desktop/github/tasks/.venv/lib/python3.13/site-packages/django/db/models/query.py", line 948, in get_or_create
    return self.get(**kwargs), False
           ~~~~~~~~^^^^^^^^^^
  File "/Users/a1/Desktop/github/tasks/.venv/lib/python3.13/site-packages/django/db/models/query.py", line 645, in get
    num = len(clone)
  File "/Users/a1/Desktop/github/tasks/.venv/lib/python3.13/site-packages/django/db/models/query.py", line 382, in __len__
    self._fetch_all()
    ~~~~~~~~~~~~~~~^^
  File "/Users/a1/Desktop/github/tasks/.venv/lib/python3.13/site-packages/django/db/models/query.py", line 1928, in _fetch_all
    self._result_cache = list(self._iterable_class(self))
                         ~~~~^^^^^^^^^^^^^^^^^^^^^^^^^^^^
  File "/Users/a1/Desktop/github/tasks/.venv/lib/python3.13/site-packages/django/db/models/query.py", line 91, in __iter__
    results = compiler.execute_sql(
        chunked_fetch=self.chunked_fetch, chunk_size=self.chunk_size
    )
  File "/Users/a1/Desktop/github/tasks/.venv/lib/python3.13/site-packages/django/db/models/sql/compiler.py", line 1562, in execute_sql
    cursor.execute(sql, params)
    ~~~~~~~~~~~~~~^^^^^^^^^^^^^
  File "/Users/a1/Desktop/github/tasks/.venv/lib/python3.13/site-packages/django/db/backends/utils.py", line 122, in execute
    return super().execute(sql, params)
           ~~~~~~~~~~~~~~~^^^^^^^^^^^^^
  File "/Users/a1/Desktop/github/tasks/.venv/lib/python3.13/site-packages/django/db/backends/utils.py", line 79, in execute
    return self._execute_with_wrappers(
           ~~~~~~~~~~~~~~~~~~~~~~~~~~~^
        sql, params, many=False, executor=self._execute
        ^^^^^^^^^^^^^^^^^^^^^^^^^^^^^^^^^^^^^^^^^^^^^^^
    )
    ^
  File "/Users/a1/Desktop/github/tasks/.venv/lib/python3.13/site-packages/django/db/backends/utils.py", line 92, in _execute_with_wrappers
    return executor(sql, params, many, context)
  File "/Users/a1/Desktop/github/tasks/.venv/lib/python3.13/site-packages/django/db/backends/utils.py", line 100, in _execute
    with self.db.wrap_database_errors:
         ^^^^^^^^^^^^^^^^^^^^^^^^^^^^
  File "/Users/a1/Desktop/github/tasks/.venv/lib/python3.13/site-packages/django/db/utils.py", line 91, in __exit__
    raise dj_exc_value.with_traceback(traceback) from exc_value
  File "/Users/a1/Desktop/github/tasks/.venv/lib/python3.13/site-packages/django/db/backends/utils.py", line 105, in _execute
    return self.cursor.execute(sql, params)
           ~~~~~~~~~~~~~~~~~~~^^^^^^^^^^^^^
  File "/Users/a1/Desktop/github/tasks/.venv/lib/python3.13/site-packages/django/db/backends/sqlite3/base.py", line 329, in execute
    return super().execute(query, params)
           ~~~~~~~~~~~~~~~^^^^^^^^^^^^^^^
django.db.utils.OperationalError: no such table: users_user

[2026-07-22 10:27:41,771] ERROR TeleBot: Infinity polling: polling exited
[2026-07-22 10:27:41,772] ERROR TeleBot: Break infinity polling
[2026-07-22 10:27:44,255] INFO bot: Polling rejimida ishga tushirilmoqda...
[2026-07-22 10:27:46,707] INFO bot: update=message user=8623551943 payload=/start
[2026-07-22 10:28:41,056] INFO bot: update=message user=6302015316 payload=/start
[2026-07-22 10:28:43,343] INFO bot: update=callback user=6302015316 payload=settings:menu
[2026-07-22 10:28:45,177] INFO bot: update=callback user=6302015316 payload=settings:language
[2026-07-22 10:28:55,644] INFO bot: update=callback user=6302015316 payload=notif:menu
[2026-07-22 10:29:04,860] INFO bot: update=callback user=6302015316 payload=notif:toggle:deadline_reminders
[2026-07-22 10:29:05,960] INFO bot: update=callback user=6302015316 payload=notif:toggle:deadline_reminders
[2026-07-22 10:29:09,793] INFO bot: update=message user=6302015316 payload=/start
[2026-07-22 10:29:12,926] INFO bot: update=callback user=6302015316 payload=habit:menu
[2026-07-22 10:29:24,738] INFO bot: update=callback user=6302015316 payload=habit:delete_list
[2026-07-22 10:29:30,025] INFO bot: update=callback user=6302015316 payload=habit:create
[2026-07-22 10:29:43,922] INFO bot: update=callback user=6302015316 payload=habit:create
[2026-07-22 10:31:33,322] INFO django.utils.autoreload: Watching for file changes with StatReloader
[2026-07-22 10:31:41,536] WARNING django.request: Not Found: /about
[2026-07-22 10:31:43,482] WARNING django.request: Not Found: /favicon.ico
[2026-07-22 10:32:26,595] INFO bot: update=callback user=6302015316 payload=nav:back:dashboard
[2026-07-22 10:32:28,079] INFO bot: update=callback user=6302015316 payload=calendar:menu
[2026-07-22 10:32:30,427] INFO bot: update=callback user=6302015316 payload=calendar:day:2026:7:1
[2026-07-22 10:32:34,144] INFO bot: update=callback user=6302015316 payload=calendar:day:2026:7:1
[2026-07-22 10:37:28,064] INFO bot: update=callback user=8623551943 payload=focus:menu
[2026-07-22 10:37:29,532] INFO bot: update=callback user=8623551943 payload=focus:start:25
[2026-07-22 10:37:33,710] INFO bot: update=callback user=8623551943 payload=focus:stop:0
[2026-07-22 10:37:36,949] INFO bot: update=callback user=8623551943 payload=focus:stop:0
[2026-07-22 10:37:41,584] INFO bot: update=callback user=8623551943 payload=focus:stop:0
[2026-07-22 10:37:43,990] INFO bot: update=message user=8623551943 payload=/start
[2026-07-22 10:37:49,270] INFO bot: update=callback user=8623551943 payload=focus:menu
[2026-07-22 10:37:51,922] INFO bot: update=callback user=8623551943 payload=focus:today_stats
[2026-07-22 10:37:53,759] INFO bot: update=callback user=8623551943 payload=focus:weekly_report
[2026-07-22 10:37:55,007] INFO bot: update=callback user=8623551943 payload=nav:back:dashboard
[2026-07-22 10:37:57,081] INFO bot: update=callback user=8623551943 payload=group:menu
[2026-07-22 10:38:01,798] INFO bot: update=callback user=8623551943 payload=group:announcements
[2026-07-22 10:38:03,517] INFO bot: update=callback user=8623551943 payload=group:my_list
[2026-07-22 10:38:06,454] INFO bot: update=callback user=8623551943 payload=group:join_by_code
[2026-07-22 10:38:29,753] INFO bot: update=callback user=8623551943 payload=focus:stop:0
[2026-07-22 10:38:32,248] INFO bot: update=message user=8623551943 payload=/start
[2026-07-22 10:38:36,147] INFO bot: update=callback user=8623551943 payload=ach:menu
[2026-07-22 10:38:41,528] INFO bot: update=callback user=8623551943 payload=ach:leaderboard:all_time
[2026-07-22 10:38:44,884] INFO bot: update=callback user=8623551943 payload=ach:leaderboard:weekly
[2026-07-22 10:38:46,282] INFO bot: update=callback user=8623551943 payload=ach:leaderboard:monthly
[2026-07-22 10:38:47,022] INFO bot: update=callback user=8623551943 payload=ach:leaderboard:all_time
[2026-07-22 10:38:48,470] INFO bot: update=callback user=8623551943 payload=ach:leaderboard:daily
[2026-07-22 10:38:51,224] INFO bot: update=message user=8623551943 payload=/start
[2026-07-22 10:38:53,110] INFO bot: update=callback user=8623551943 payload=nav:open:dashboard
[2026-07-22 10:38:53,234] ERROR bot: XATO user=8623551943 context=nav:open:dashboard error=A request to the Telegram API was unsuccessful. Error code: 400. Description: Bad Request: message is not modified: specified new message content and reply markup are exactly the same as a current content and reply markup of the message
Traceback (most recent call last):
  File "/Users/a1/Desktop/github/tasks/bot/main.py", line 147, in on_callback
    action_func(call, user, cb)
    ~~~~~~~~~~~^^^^^^^^^^^^^^^^
  File "/Users/a1/Desktop/github/tasks/bot/main.py", line 70, in <lambda>
    "open": lambda call, user, cb: dashboard.handle_dashboard_callback(bot, call, user),
                                   ~~~~~~~~~~~~~~~~~~~~~~~~~~~~~~~~~~~^^^^^^^^^^^^^^^^^
  File "/Users/a1/Desktop/github/tasks/bot/handlers/dashboard.py", line 59, in handle_dashboard_callback
    bot.edit_message_text(
    ~~~~~~~~~~~~~~~~~~~~~^
        render_dashboard_text(user),
        ^^^^^^^^^^^^^^^^^^^^^^^^^^^^
    ...<2 lines>...
        reply_markup=main_dashboard_kb(is_admin=is_admin, is_mentor_or_owner=is_mentor_owner),
        ^^^^^^^^^^^^^^^^^^^^^^^^^^^^^^^^^^^^^^^^^^^^^^^^^^^^^^^^^^^^^^^^^^^^^^^^^^^^^^^^^^^^^^
    )
    ^
  File "/Users/a1/Desktop/github/tasks/.venv/lib/python3.13/site-packages/telebot/__init__.py", line 6009, in edit_message_text
    result = apihelper.edit_message_text(
        self.token, text=text, chat_id=chat_id, message_id=message_id, inline_message_id=inline_message_id,
        parse_mode=parse_mode, entities=entities, reply_markup=reply_markup, link_preview_options=link_preview_options,
        business_connection_id=business_connection_id, timeout=timeout, rich_message=rich_message)
  File "/Users/a1/Desktop/github/tasks/.venv/lib/python3.13/site-packages/telebot/apihelper.py", line 1874, in edit_message_text
    return _make_request(token, method_url, params=payload, method='post')
  File "/Users/a1/Desktop/github/tasks/.venv/lib/python3.13/site-packages/telebot/apihelper.py", line 168, in _make_request
    json_result = _check_result(method_name, result)
  File "/Users/a1/Desktop/github/tasks/.venv/lib/python3.13/site-packages/telebot/apihelper.py", line 197, in _check_result
    raise ApiTelegramException(method_name, result, result_json)
telebot.apihelper.ApiTelegramException: A request to the Telegram API was unsuccessful. Error code: 400. Description: Bad Request: message is not modified: specified new message content and reply markup are exactly the same as a current content and reply markup of the message
[2026-07-22 10:39:28,711] INFO bot: update=callback user=8623551943 payload=profile:menu
[2026-07-22 10:39:35,297] INFO bot: update=message user=8623551943 payload=/start
[2026-07-22 10:39:38,885] INFO bot: update=callback user=8623551943 payload=task:menu
[2026-07-22 10:39:40,262] INFO bot: update=callback user=8623551943 payload=task:create
[2026-07-22 10:40:12,734] INFO bot: update=callback user=8623551943 payload=task:set_priority:1:low
[2026-07-22 10:40:19,006] INFO bot: update=callback user=8623551943 payload=task:set_deadline:1:today
[2026-07-22 10:41:48,919] INFO bot: update=message user=8623551943 payload=/start
[2026-07-22 10:41:50,367] INFO bot: update=callback user=8623551943 payload=task:menu
[2026-07-22 10:41:52,610] INFO bot: update=callback user=8623551943 payload=task:list:0
[2026-07-22 10:41:57,090] INFO bot: update=callback user=8623551943 payload=task:view:1
[2026-07-22 10:42:42,348] INFO bot: update=callback user=8623551943 payload=task:subtasks:1
[2026-07-22 10:42:44,367] INFO bot: update=callback user=8623551943 payload=task:subtasks:1
[2026-07-22 10:42:52,201] INFO bot: update=callback user=8623551943 payload=task:edit:1
[2026-07-22 10:42:53,709] INFO bot: update=callback user=8623551943 payload=task:edit:1
[2026-07-22 10:42:54,731] INFO bot: update=callback user=8623551943 payload=task:edit:1
[2026-07-22 10:43:00,179] INFO bot: update=callback user=8623551943 payload=task:done:1
[2026-07-22 10:43:01,893] INFO bot: update=callback user=8623551943 payload=task:edit:1
[2026-07-22 10:43:03,109] INFO bot: update=callback user=8623551943 payload=task:edit:1
[2026-07-22 10:47:17,383] INFO bot: update=callback user=8623551943 payload=nav:back:task:list:0
[2026-07-22 10:47:25,253] INFO bot: update=callback user=8623551943 payload=nav:back:task:list:0
[2026-07-22 10:47:47,394] ERROR bot: XATO user=8623551943 context=nav:back:task:list:0 error=HTTPSConnectionPool(host='api.telegram.org', port=443): Read timed out. (read timeout=30)
Traceback (most recent call last):
  File "/Users/a1/Desktop/github/tasks/.venv/lib/python3.13/site-packages/urllib3/connectionpool.py", line 534, in _make_request
    response = conn.getresponse()
  File "/Users/a1/Desktop/github/tasks/.venv/lib/python3.13/site-packages/urllib3/connection.py", line 571, in getresponse
    httplib_response = super().getresponse()
  File "/Library/Frameworks/Python.framework/Versions/3.13/lib/python3.13/http/client.py", line 1430, in getresponse
    response.begin()
    ~~~~~~~~~~~~~~^^
  File "/Library/Frameworks/Python.framework/Versions/3.13/lib/python3.13/http/client.py", line 331, in begin
    version, status, reason = self._read_status()
                              ~~~~~~~~~~~~~~~~~^^
  File "/Library/Frameworks/Python.framework/Versions/3.13/lib/python3.13/http/client.py", line 292, in _read_status
    line = str(self.fp.readline(_MAXLINE + 1), "iso-8859-1")
               ~~~~~~~~~~~~~~~~^^^^^^^^^^^^^^
  File "/Library/Frameworks/Python.framework/Versions/3.13/lib/python3.13/socket.py", line 719, in readinto
    return self._sock.recv_into(b)
           ~~~~~~~~~~~~~~~~~~~~^^^
  File "/Library/Frameworks/Python.framework/Versions/3.13/lib/python3.13/ssl.py", line 1304, in recv_into
    return self.read(nbytes, buffer)
           ~~~~~~~~~^^^^^^^^^^^^^^^^
  File "/Library/Frameworks/Python.framework/Versions/3.13/lib/python3.13/ssl.py", line 1138, in read
    return self._sslobj.read(len, buffer)
           ~~~~~~~~~~~~~~~~~^^^^^^^^^^^^^
TimeoutError: The read operation timed out

The above exception was the direct cause of the following exception:

Traceback (most recent call last):
  File "/Users/a1/Desktop/github/tasks/.venv/lib/python3.13/site-packages/requests/adapters.py", line 696, in send
    resp = conn.urlopen(
        method=request.method,
    ...<9 lines>...
        chunked=chunked,
    )
  File "/Users/a1/Desktop/github/tasks/.venv/lib/python3.13/site-packages/urllib3/connectionpool.py", line 842, in urlopen
    retries = retries.increment(
        method, url, error=new_e, _pool=self, _stacktrace=sys.exc_info()[2]
    )
  File "/Users/a1/Desktop/github/tasks/.venv/lib/python3.13/site-packages/urllib3/util/retry.py", line 498, in increment
    raise reraise(type(error), error, _stacktrace)
          ~~~~~~~^^^^^^^^^^^^^^^^^^^^^^^^^^^^^^^^^
  File "/Users/a1/Desktop/github/tasks/.venv/lib/python3.13/site-packages/urllib3/util/util.py", line 39, in reraise
    raise value
  File "/Users/a1/Desktop/github/tasks/.venv/lib/python3.13/site-packages/urllib3/connectionpool.py", line 788, in urlopen
    response = self._make_request(
        conn,
    ...<10 lines>...
        **response_kw,
    )
  File "/Users/a1/Desktop/github/tasks/.venv/lib/python3.13/site-packages/urllib3/connectionpool.py", line 536, in _make_request
    self._raise_timeout(err=e, url=url, timeout_value=read_timeout)
    ~~~~~~~~~~~~~~~~~~~^^^^^^^^^^^^^^^^^^^^^^^^^^^^^^^^^^^^^^^^^^^^
  File "/Users/a1/Desktop/github/tasks/.venv/lib/python3.13/site-packages/urllib3/connectionpool.py", line 367, in _raise_timeout
    raise ReadTimeoutError(
        self, url, f"Read timed out. (read timeout={timeout_value})"
    ) from err
urllib3.exceptions.ReadTimeoutError: HTTPSConnectionPool(host='api.telegram.org', port=443): Read timed out. (read timeout=30)

During handling of the above exception, another exception occurred:

Traceback (most recent call last):
  File "/Users/a1/Desktop/github/tasks/bot/main.py", line 147, in on_callback
    action_func(call, user, cb)
    ~~~~~~~~~~~^^^^^^^^^^^^^^^^
  File "/Users/a1/Desktop/github/tasks/bot/main.py", line 71, in <lambda>
    "back": lambda call, user, cb: dashboard.handle_dashboard_callback(bot, call, user),
                                   ~~~~~~~~~~~~~~~~~~~~~~~~~~~~~~~~~~~^^^^^^^^^^^^^^^^^
  File "/Users/a1/Desktop/github/tasks/bot/handlers/dashboard.py", line 59, in handle_dashboard_callback
    bot.edit_message_text(
    ~~~~~~~~~~~~~~~~~~~~~^
        render_dashboard_text(user),
        ^^^^^^^^^^^^^^^^^^^^^^^^^^^^
    ...<2 lines>...
        reply_markup=main_dashboard_kb(is_admin=is_admin, is_mentor_or_owner=is_mentor_owner),
        ^^^^^^^^^^^^^^^^^^^^^^^^^^^^^^^^^^^^^^^^^^^^^^^^^^^^^^^^^^^^^^^^^^^^^^^^^^^^^^^^^^^^^^
    )
    ^
  File "/Users/a1/Desktop/github/tasks/.venv/lib/python3.13/site-packages/telebot/__init__.py", line 6009, in edit_message_text
    result = apihelper.edit_message_text(
        self.token, text=text, chat_id=chat_id, message_id=message_id, inline_message_id=inline_message_id,
        parse_mode=parse_mode, entities=entities, reply_markup=reply_markup, link_preview_options=link_preview_options,
        business_connection_id=business_connection_id, timeout=timeout, rich_message=rich_message)
  File "/Users/a1/Desktop/github/tasks/.venv/lib/python3.13/site-packages/telebot/apihelper.py", line 1874, in edit_message_text
    return _make_request(token, method_url, params=payload, method='post')
  File "/Users/a1/Desktop/github/tasks/.venv/lib/python3.13/site-packages/telebot/apihelper.py", line 162, in _make_request
    result = _get_req_session().request(
        method, request_url, params=params, files=files,
        timeout=(connect_timeout, read_timeout), proxies=proxy)
  File "/Users/a1/Desktop/github/tasks/.venv/lib/python3.13/site-packages/requests/sessions.py", line 651, in request
    resp = self.send(prep, **send_kwargs)
  File "/Users/a1/Desktop/github/tasks/.venv/lib/python3.13/site-packages/requests/sessions.py", line 784, in send
    r = adapter.send(request, **kwargs)
  File "/Users/a1/Desktop/github/tasks/.venv/lib/python3.13/site-packages/requests/adapters.py", line 742, in send
    raise ReadTimeout(e, request=request)
requests.exceptions.ReadTimeout: HTTPSConnectionPool(host='api.telegram.org', port=443): Read timed out. (read timeout=30)
[2026-07-22 10:47:47,953] INFO bot: update=callback user=8623551943 payload=nav:back:task:list:0
[2026-07-22 10:47:47,953] ERROR TeleBot: Threaded polling exception: A request to the Telegram API was unsuccessful. Error code: 400. Description: Bad Request: query is too old and response timeout expired or query ID is invalid
[2026-07-22 10:47:47,962] ERROR TeleBot: Exception traceback:
Traceback (most recent call last):
  File "/Users/a1/Desktop/github/tasks/.venv/lib/python3.13/site-packages/urllib3/connectionpool.py", line 534, in _make_request
    response = conn.getresponse()
  File "/Users/a1/Desktop/github/tasks/.venv/lib/python3.13/site-packages/urllib3/connection.py", line 571, in getresponse
    httplib_response = super().getresponse()
  File "/Library/Frameworks/Python.framework/Versions/3.13/lib/python3.13/http/client.py", line 1430, in getresponse
    response.begin()
    ~~~~~~~~~~~~~~^^
  File "/Library/Frameworks/Python.framework/Versions/3.13/lib/python3.13/http/client.py", line 331, in begin
    version, status, reason = self._read_status()
                              ~~~~~~~~~~~~~~~~~^^
  File "/Library/Frameworks/Python.framework/Versions/3.13/lib/python3.13/http/client.py", line 292, in _read_status
    line = str(self.fp.readline(_MAXLINE + 1), "iso-8859-1")
               ~~~~~~~~~~~~~~~~^^^^^^^^^^^^^^
  File "/Library/Frameworks/Python.framework/Versions/3.13/lib/python3.13/socket.py", line 719, in readinto
    return self._sock.recv_into(b)
           ~~~~~~~~~~~~~~~~~~~~^^^
  File "/Library/Frameworks/Python.framework/Versions/3.13/lib/python3.13/ssl.py", line 1304, in recv_into
    return self.read(nbytes, buffer)
           ~~~~~~~~~^^^^^^^^^^^^^^^^
  File "/Library/Frameworks/Python.framework/Versions/3.13/lib/python3.13/ssl.py", line 1138, in read
    return self._sslobj.read(len, buffer)
           ~~~~~~~~~~~~~~~~~^^^^^^^^^^^^^
TimeoutError: The read operation timed out

The above exception was the direct cause of the following exception:

Traceback (most recent call last):
  File "/Users/a1/Desktop/github/tasks/.venv/lib/python3.13/site-packages/requests/adapters.py", line 696, in send
    resp = conn.urlopen(
        method=request.method,
    ...<9 lines>...
        chunked=chunked,
    )
  File "/Users/a1/Desktop/github/tasks/.venv/lib/python3.13/site-packages/urllib3/connectionpool.py", line 842, in urlopen
    retries = retries.increment(
        method, url, error=new_e, _pool=self, _stacktrace=sys.exc_info()[2]
    )
  File "/Users/a1/Desktop/github/tasks/.venv/lib/python3.13/site-packages/urllib3/util/retry.py", line 498, in increment
    raise reraise(type(error), error, _stacktrace)
          ~~~~~~~^^^^^^^^^^^^^^^^^^^^^^^^^^^^^^^^^
  File "/Users/a1/Desktop/github/tasks/.venv/lib/python3.13/site-packages/urllib3/util/util.py", line 39, in reraise
    raise value
  File "/Users/a1/Desktop/github/tasks/.venv/lib/python3.13/site-packages/urllib3/connectionpool.py", line 788, in urlopen
    response = self._make_request(
        conn,
    ...<10 lines>...
        **response_kw,
    )
  File "/Users/a1/Desktop/github/tasks/.venv/lib/python3.13/site-packages/urllib3/connectionpool.py", line 536, in _make_request
    self._raise_timeout(err=e, url=url, timeout_value=read_timeout)
    ~~~~~~~~~~~~~~~~~~~^^^^^^^^^^^^^^^^^^^^^^^^^^^^^^^^^^^^^^^^^^^^
  File "/Users/a1/Desktop/github/tasks/.venv/lib/python3.13/site-packages/urllib3/connectionpool.py", line 367, in _raise_timeout
    raise ReadTimeoutError(
        self, url, f"Read timed out. (read timeout={timeout_value})"
    ) from err
urllib3.exceptions.ReadTimeoutError: HTTPSConnectionPool(host='api.telegram.org', port=443): Read timed out. (read timeout=30)

During handling of the above exception, another exception occurred:

Traceback (most recent call last):
  File "/Users/a1/Desktop/github/tasks/bot/main.py", line 147, in on_callback
    action_func(call, user, cb)
    ~~~~~~~~~~~^^^^^^^^^^^^^^^^
  File "/Users/a1/Desktop/github/tasks/bot/main.py", line 71, in <lambda>
    "back": lambda call, user, cb: dashboard.handle_dashboard_callback(bot, call, user),
                                   ~~~~~~~~~~~~~~~~~~~~~~~~~~~~~~~~~~~^^^^^^^^^^^^^^^^^
  File "/Users/a1/Desktop/github/tasks/bot/handlers/dashboard.py", line 59, in handle_dashboard_callback
    bot.edit_message_text(
    ~~~~~~~~~~~~~~~~~~~~~^
        render_dashboard_text(user),
        ^^^^^^^^^^^^^^^^^^^^^^^^^^^^
    ...<2 lines>...
        reply_markup=main_dashboard_kb(is_admin=is_admin, is_mentor_or_owner=is_mentor_owner),
        ^^^^^^^^^^^^^^^^^^^^^^^^^^^^^^^^^^^^^^^^^^^^^^^^^^^^^^^^^^^^^^^^^^^^^^^^^^^^^^^^^^^^^^
    )
    ^
  File "/Users/a1/Desktop/github/tasks/.venv/lib/python3.13/site-packages/telebot/__init__.py", line 6009, in edit_message_text
    result = apihelper.edit_message_text(
        self.token, text=text, chat_id=chat_id, message_id=message_id, inline_message_id=inline_message_id,
        parse_mode=parse_mode, entities=entities, reply_markup=reply_markup, link_preview_options=link_preview_options,
        business_connection_id=business_connection_id, timeout=timeout, rich_message=rich_message)
  File "/Users/a1/Desktop/github/tasks/.venv/lib/python3.13/site-packages/telebot/apihelper.py", line 1874, in edit_message_text
    return _make_request(token, method_url, params=payload, method='post')
  File "/Users/a1/Desktop/github/tasks/.venv/lib/python3.13/site-packages/telebot/apihelper.py", line 162, in _make_request
    result = _get_req_session().request(
        method, request_url, params=params, files=files,
        timeout=(connect_timeout, read_timeout), proxies=proxy)
  File "/Users/a1/Desktop/github/tasks/.venv/lib/python3.13/site-packages/requests/sessions.py", line 651, in request
    resp = self.send(prep, **send_kwargs)
  File "/Users/a1/Desktop/github/tasks/.venv/lib/python3.13/site-packages/requests/sessions.py", line 784, in send
    r = adapter.send(request, **kwargs)
  File "/Users/a1/Desktop/github/tasks/.venv/lib/python3.13/site-packages/requests/adapters.py", line 742, in send
    raise ReadTimeout(e, request=request)
requests.exceptions.ReadTimeout: HTTPSConnectionPool(host='api.telegram.org', port=443): Read timed out. (read timeout=30)

During handling of the above exception, another exception occurred:

Traceback (most recent call last):
  File "/Users/a1/Desktop/github/tasks/.venv/lib/python3.13/site-packages/telebot/__init__.py", line 1274, in __threaded_polling
    self.worker_pool.raise_exceptions()
    ~~~~~~~~~~~~~~~~~~~~~~~~~~~~~~~~~^^
  File "/Users/a1/Desktop/github/tasks/.venv/lib/python3.13/site-packages/telebot/util.py", line 155, in raise_exceptions
    raise self.exception_info
  File "/Users/a1/Desktop/github/tasks/.venv/lib/python3.13/site-packages/telebot/util.py", line 98, in run
    task(*args, **kwargs)
    ~~~~^^^^^^^^^^^^^^^^^
  File "/Users/a1/Desktop/github/tasks/.venv/lib/python3.13/site-packages/telebot/__init__.py", line 11409, in _run_middlewares_and_handler
    result = handler['function'](message)
  File "/Users/a1/Desktop/github/tasks/bot/main.py", line 153, in on_callback
    bot.answer_callback_query(call.id, "❌ Xatolik yuz berdi, qayta urinib ko'ring.")
    ~~~~~~~~~~~~~~~~~~~~~~~~~^^^^^^^^^^^^^^^^^^^^^^^^^^^^^^^^^^^^^^^^^^^^^^^^^^^^^^^^
  File "/Users/a1/Desktop/github/tasks/.venv/lib/python3.13/site-packages/telebot/__init__.py", line 7351, in answer_callback_query
    return apihelper.answer_callback_query(
           ~~~~~~~~~~~~~~~~~~~~~~~~~~~~~~~^
        self.token, callback_query_id, text=text, show_alert=show_alert, url=url, cache_time=cache_time)
        ^^^^^^^^^^^^^^^^^^^^^^^^^^^^^^^^^^^^^^^^^^^^^^^^^^^^^^^^^^^^^^^^^^^^^^^^^^^^^^^^^^^^^^^^^^^^^^^^
  File "/Users/a1/Desktop/github/tasks/.venv/lib/python3.13/site-packages/telebot/apihelper.py", line 2245, in answer_callback_query
    return _make_request(token, method_url, params=payload, method='post')
  File "/Users/a1/Desktop/github/tasks/.venv/lib/python3.13/site-packages/telebot/apihelper.py", line 168, in _make_request
    json_result = _check_result(method_name, result)
  File "/Users/a1/Desktop/github/tasks/.venv/lib/python3.13/site-packages/telebot/apihelper.py", line 197, in _check_result
    raise ApiTelegramException(method_name, result, result_json)
telebot.apihelper.ApiTelegramException: A request to the Telegram API was unsuccessful. Error code: 400. Description: Bad Request: query is too old and response timeout expired or query ID is invalid

[2026-07-22 10:47:48,260] ERROR bot: XATO user=8623551943 context=nav:back:task:list:0 error=A request to the Telegram API was unsuccessful. Error code: 400. Description: Bad Request: query is too old and response timeout expired or query ID is invalid
Traceback (most recent call last):
  File "/Users/a1/Desktop/github/tasks/bot/main.py", line 148, in on_callback
    bot.answer_callback_query(call.id)
    ~~~~~~~~~~~~~~~~~~~~~~~~~^^^^^^^^^
  File "/Users/a1/Desktop/github/tasks/.venv/lib/python3.13/site-packages/telebot/__init__.py", line 7351, in answer_callback_query
    return apihelper.answer_callback_query(
           ~~~~~~~~~~~~~~~~~~~~~~~~~~~~~~~^
        self.token, callback_query_id, text=text, show_alert=show_alert, url=url, cache_time=cache_time)
        ^^^^^^^^^^^^^^^^^^^^^^^^^^^^^^^^^^^^^^^^^^^^^^^^^^^^^^^^^^^^^^^^^^^^^^^^^^^^^^^^^^^^^^^^^^^^^^^^
  File "/Users/a1/Desktop/github/tasks/.venv/lib/python3.13/site-packages/telebot/apihelper.py", line 2245, in answer_callback_query
    return _make_request(token, method_url, params=payload, method='post')
  File "/Users/a1/Desktop/github/tasks/.venv/lib/python3.13/site-packages/telebot/apihelper.py", line 168, in _make_request
    json_result = _check_result(method_name, result)
  File "/Users/a1/Desktop/github/tasks/.venv/lib/python3.13/site-packages/telebot/apihelper.py", line 197, in _check_result
    raise ApiTelegramException(method_name, result, result_json)
telebot.apihelper.ApiTelegramException: A request to the Telegram API was unsuccessful. Error code: 400. Description: Bad Request: query is too old and response timeout expired or query ID is invalid
[2026-07-22 10:47:48,389] INFO bot: update=message user=8623551943 payload=/start
[2026-07-22 10:47:48,389] ERROR TeleBot: Threaded polling exception: A request to the Telegram API was unsuccessful. Error code: 400. Description: Bad Request: query is too old and response timeout expired or query ID is invalid
[2026-07-22 10:47:48,394] ERROR TeleBot: Exception traceback:
Traceback (most recent call last):
  File "/Users/a1/Desktop/github/tasks/bot/main.py", line 148, in on_callback
    bot.answer_callback_query(call.id)
    ~~~~~~~~~~~~~~~~~~~~~~~~~^^^^^^^^^
  File "/Users/a1/Desktop/github/tasks/.venv/lib/python3.13/site-packages/telebot/__init__.py", line 7351, in answer_callback_query
    return apihelper.answer_callback_query(
           ~~~~~~~~~~~~~~~~~~~~~~~~~~~~~~~^
        self.token, callback_query_id, text=text, show_alert=show_alert, url=url, cache_time=cache_time)
        ^^^^^^^^^^^^^^^^^^^^^^^^^^^^^^^^^^^^^^^^^^^^^^^^^^^^^^^^^^^^^^^^^^^^^^^^^^^^^^^^^^^^^^^^^^^^^^^^
  File "/Users/a1/Desktop/github/tasks/.venv/lib/python3.13/site-packages/telebot/apihelper.py", line 2245, in answer_callback_query
    return _make_request(token, method_url, params=payload, method='post')
  File "/Users/a1/Desktop/github/tasks/.venv/lib/python3.13/site-packages/telebot/apihelper.py", line 168, in _make_request
    json_result = _check_result(method_name, result)
  File "/Users/a1/Desktop/github/tasks/.venv/lib/python3.13/site-packages/telebot/apihelper.py", line 197, in _check_result
    raise ApiTelegramException(method_name, result, result_json)
telebot.apihelper.ApiTelegramException: A request to the Telegram API was unsuccessful. Error code: 400. Description: Bad Request: query is too old and response timeout expired or query ID is invalid

During handling of the above exception, another exception occurred:

Traceback (most recent call last):
  File "/Users/a1/Desktop/github/tasks/.venv/lib/python3.13/site-packages/telebot/__init__.py", line 1274, in __threaded_polling
    self.worker_pool.raise_exceptions()
    ~~~~~~~~~~~~~~~~~~~~~~~~~~~~~~~~~^^
  File "/Users/a1/Desktop/github/tasks/.venv/lib/python3.13/site-packages/telebot/util.py", line 155, in raise_exceptions
    raise self.exception_info
  File "/Users/a1/Desktop/github/tasks/.venv/lib/python3.13/site-packages/telebot/util.py", line 98, in run
    task(*args, **kwargs)
    ~~~~^^^^^^^^^^^^^^^^^
  File "/Users/a1/Desktop/github/tasks/.venv/lib/python3.13/site-packages/telebot/__init__.py", line 11409, in _run_middlewares_and_handler
    result = handler['function'](message)
  File "/Users/a1/Desktop/github/tasks/bot/main.py", line 153, in on_callback
    bot.answer_callback_query(call.id, "❌ Xatolik yuz berdi, qayta urinib ko'ring.")
    ~~~~~~~~~~~~~~~~~~~~~~~~~^^^^^^^^^^^^^^^^^^^^^^^^^^^^^^^^^^^^^^^^^^^^^^^^^^^^^^^^
  File "/Users/a1/Desktop/github/tasks/.venv/lib/python3.13/site-packages/telebot/__init__.py", line 7351, in answer_callback_query
    return apihelper.answer_callback_query(
           ~~~~~~~~~~~~~~~~~~~~~~~~~~~~~~~^
        self.token, callback_query_id, text=text, show_alert=show_alert, url=url, cache_time=cache_time)
        ^^^^^^^^^^^^^^^^^^^^^^^^^^^^^^^^^^^^^^^^^^^^^^^^^^^^^^^^^^^^^^^^^^^^^^^^^^^^^^^^^^^^^^^^^^^^^^^^
  File "/Users/a1/Desktop/github/tasks/.venv/lib/python3.13/site-packages/telebot/apihelper.py", line 2245, in answer_callback_query
    return _make_request(token, method_url, params=payload, method='post')
  File "/Users/a1/Desktop/github/tasks/.venv/lib/python3.13/site-packages/telebot/apihelper.py", line 168, in _make_request
    json_result = _check_result(method_name, result)
  File "/Users/a1/Desktop/github/tasks/.venv/lib/python3.13/site-packages/telebot/apihelper.py", line 197, in _check_result
    raise ApiTelegramException(method_name, result, result_json)
telebot.apihelper.ApiTelegramException: A request to the Telegram API was unsuccessful. Error code: 400. Description: Bad Request: query is too old and response timeout expired or query ID is invalid

[2026-07-22 10:47:48,520] INFO bot: update=message user=8623551943 payload=/start
[2026-07-22 10:47:55,262] ERROR bot: XATO user=8623551943 context=nav:back:task:list:0 error=HTTPSConnectionPool(host='api.telegram.org', port=443): Read timed out. (read timeout=30)
Traceback (most recent call last):
  File "/Users/a1/Desktop/github/tasks/.venv/lib/python3.13/site-packages/urllib3/connectionpool.py", line 534, in _make_request
    response = conn.getresponse()
  File "/Users/a1/Desktop/github/tasks/.venv/lib/python3.13/site-packages/urllib3/connection.py", line 571, in getresponse
    httplib_response = super().getresponse()
  File "/Library/Frameworks/Python.framework/Versions/3.13/lib/python3.13/http/client.py", line 1430, in getresponse
    response.begin()
    ~~~~~~~~~~~~~~^^
  File "/Library/Frameworks/Python.framework/Versions/3.13/lib/python3.13/http/client.py", line 331, in begin
    version, status, reason = self._read_status()
                              ~~~~~~~~~~~~~~~~~^^
  File "/Library/Frameworks/Python.framework/Versions/3.13/lib/python3.13/http/client.py", line 292, in _read_status
    line = str(self.fp.readline(_MAXLINE + 1), "iso-8859-1")
               ~~~~~~~~~~~~~~~~^^^^^^^^^^^^^^
  File "/Library/Frameworks/Python.framework/Versions/3.13/lib/python3.13/socket.py", line 719, in readinto
    return self._sock.recv_into(b)
           ~~~~~~~~~~~~~~~~~~~~^^^
  File "/Library/Frameworks/Python.framework/Versions/3.13/lib/python3.13/ssl.py", line 1304, in recv_into
    return self.read(nbytes, buffer)
           ~~~~~~~~~^^^^^^^^^^^^^^^^
  File "/Library/Frameworks/Python.framework/Versions/3.13/lib/python3.13/ssl.py", line 1138, in read
    return self._sslobj.read(len, buffer)
           ~~~~~~~~~~~~~~~~~^^^^^^^^^^^^^
TimeoutError: The read operation timed out

The above exception was the direct cause of the following exception:

Traceback (most recent call last):
  File "/Users/a1/Desktop/github/tasks/.venv/lib/python3.13/site-packages/requests/adapters.py", line 696, in send
    resp = conn.urlopen(
        method=request.method,
    ...<9 lines>...
        chunked=chunked,
    )
  File "/Users/a1/Desktop/github/tasks/.venv/lib/python3.13/site-packages/urllib3/connectionpool.py", line 842, in urlopen
    retries = retries.increment(
        method, url, error=new_e, _pool=self, _stacktrace=sys.exc_info()[2]
    )
  File "/Users/a1/Desktop/github/tasks/.venv/lib/python3.13/site-packages/urllib3/util/retry.py", line 498, in increment
    raise reraise(type(error), error, _stacktrace)
          ~~~~~~~^^^^^^^^^^^^^^^^^^^^^^^^^^^^^^^^^
  File "/Users/a1/Desktop/github/tasks/.venv/lib/python3.13/site-packages/urllib3/util/util.py", line 39, in reraise
    raise value
  File "/Users/a1/Desktop/github/tasks/.venv/lib/python3.13/site-packages/urllib3/connectionpool.py", line 788, in urlopen
    response = self._make_request(
        conn,
    ...<10 lines>...
        **response_kw,
    )
  File "/Users/a1/Desktop/github/tasks/.venv/lib/python3.13/site-packages/urllib3/connectionpool.py", line 536, in _make_request
    self._raise_timeout(err=e, url=url, timeout_value=read_timeout)
    ~~~~~~~~~~~~~~~~~~~^^^^^^^^^^^^^^^^^^^^^^^^^^^^^^^^^^^^^^^^^^^^
  File "/Users/a1/Desktop/github/tasks/.venv/lib/python3.13/site-packages/urllib3/connectionpool.py", line 367, in _raise_timeout
    raise ReadTimeoutError(
        self, url, f"Read timed out. (read timeout={timeout_value})"
    ) from err
urllib3.exceptions.ReadTimeoutError: HTTPSConnectionPool(host='api.telegram.org', port=443): Read timed out. (read timeout=30)

During handling of the above exception, another exception occurred:

Traceback (most recent call last):
  File "/Users/a1/Desktop/github/tasks/bot/main.py", line 147, in on_callback
    action_func(call, user, cb)
    ~~~~~~~~~~~^^^^^^^^^^^^^^^^
  File "/Users/a1/Desktop/github/tasks/bot/main.py", line 71, in <lambda>
    "back": lambda call, user, cb: dashboard.handle_dashboard_callback(bot, call, user),
                                   ~~~~~~~~~~~~~~~~~~~~~~~~~~~~~~~~~~~^^^^^^^^^^^^^^^^^
  File "/Users/a1/Desktop/github/tasks/bot/handlers/dashboard.py", line 59, in handle_dashboard_callback
    bot.edit_message_text(
    ~~~~~~~~~~~~~~~~~~~~~^
        render_dashboard_text(user),
        ^^^^^^^^^^^^^^^^^^^^^^^^^^^^
    ...<2 lines>...
        reply_markup=main_dashboard_kb(is_admin=is_admin, is_mentor_or_owner=is_mentor_owner),
        ^^^^^^^^^^^^^^^^^^^^^^^^^^^^^^^^^^^^^^^^^^^^^^^^^^^^^^^^^^^^^^^^^^^^^^^^^^^^^^^^^^^^^^
    )
    ^
  File "/Users/a1/Desktop/github/tasks/.venv/lib/python3.13/site-packages/telebot/__init__.py", line 6009, in edit_message_text
    result = apihelper.edit_message_text(
        self.token, text=text, chat_id=chat_id, message_id=message_id, inline_message_id=inline_message_id,
        parse_mode=parse_mode, entities=entities, reply_markup=reply_markup, link_preview_options=link_preview_options,
        business_connection_id=business_connection_id, timeout=timeout, rich_message=rich_message)
  File "/Users/a1/Desktop/github/tasks/.venv/lib/python3.13/site-packages/telebot/apihelper.py", line 1874, in edit_message_text
    return _make_request(token, method_url, params=payload, method='post')
  File "/Users/a1/Desktop/github/tasks/.venv/lib/python3.13/site-packages/telebot/apihelper.py", line 162, in _make_request
    result = _get_req_session().request(
        method, request_url, params=params, files=files,
        timeout=(connect_timeout, read_timeout), proxies=proxy)
  File "/Users/a1/Desktop/github/tasks/.venv/lib/python3.13/site-packages/requests/sessions.py", line 651, in request
    resp = self.send(prep, **send_kwargs)
  File "/Users/a1/Desktop/github/tasks/.venv/lib/python3.13/site-packages/requests/sessions.py", line 784, in send
    r = adapter.send(request, **kwargs)
  File "/Users/a1/Desktop/github/tasks/.venv/lib/python3.13/site-packages/requests/adapters.py", line 742, in send
    raise ReadTimeout(e, request=request)
requests.exceptions.ReadTimeout: HTTPSConnectionPool(host='api.telegram.org', port=443): Read timed out. (read timeout=30)
[2026-07-22 10:47:55,643] ERROR TeleBot: Threaded polling exception: A request to the Telegram API was unsuccessful. Error code: 400. Description: Bad Request: query is too old and response timeout expired or query ID is invalid
[2026-07-22 10:47:55,649] ERROR TeleBot: Exception traceback:
Traceback (most recent call last):
  File "/Users/a1/Desktop/github/tasks/.venv/lib/python3.13/site-packages/urllib3/connectionpool.py", line 534, in _make_request
    response = conn.getresponse()
  File "/Users/a1/Desktop/github/tasks/.venv/lib/python3.13/site-packages/urllib3/connection.py", line 571, in getresponse
    httplib_response = super().getresponse()
  File "/Library/Frameworks/Python.framework/Versions/3.13/lib/python3.13/http/client.py", line 1430, in getresponse
    response.begin()
    ~~~~~~~~~~~~~~^^
  File "/Library/Frameworks/Python.framework/Versions/3.13/lib/python3.13/http/client.py", line 331, in begin
    version, status, reason = self._read_status()
                              ~~~~~~~~~~~~~~~~~^^
  File "/Library/Frameworks/Python.framework/Versions/3.13/lib/python3.13/http/client.py", line 292, in _read_status
    line = str(self.fp.readline(_MAXLINE + 1), "iso-8859-1")
               ~~~~~~~~~~~~~~~~^^^^^^^^^^^^^^
  File "/Library/Frameworks/Python.framework/Versions/3.13/lib/python3.13/socket.py", line 719, in readinto
    return self._sock.recv_into(b)
           ~~~~~~~~~~~~~~~~~~~~^^^
  File "/Library/Frameworks/Python.framework/Versions/3.13/lib/python3.13/ssl.py", line 1304, in recv_into
    return self.read(nbytes, buffer)
           ~~~~~~~~~^^^^^^^^^^^^^^^^
  File "/Library/Frameworks/Python.framework/Versions/3.13/lib/python3.13/ssl.py", line 1138, in read
    return self._sslobj.read(len, buffer)
           ~~~~~~~~~~~~~~~~~^^^^^^^^^^^^^
TimeoutError: The read operation timed out

The above exception was the direct cause of the following exception:

Traceback (most recent call last):
  File "/Users/a1/Desktop/github/tasks/.venv/lib/python3.13/site-packages/requests/adapters.py", line 696, in send
    resp = conn.urlopen(
        method=request.method,
    ...<9 lines>...
        chunked=chunked,
    )
  File "/Users/a1/Desktop/github/tasks/.venv/lib/python3.13/site-packages/urllib3/connectionpool.py", line 842, in urlopen
    retries = retries.increment(
        method, url, error=new_e, _pool=self, _stacktrace=sys.exc_info()[2]
    )
  File "/Users/a1/Desktop/github/tasks/.venv/lib/python3.13/site-packages/urllib3/util/retry.py", line 498, in increment
    raise reraise(type(error), error, _stacktrace)
          ~~~~~~~^^^^^^^^^^^^^^^^^^^^^^^^^^^^^^^^^
  File "/Users/a1/Desktop/github/tasks/.venv/lib/python3.13/site-packages/urllib3/util/util.py", line 39, in reraise
    raise value
  File "/Users/a1/Desktop/github/tasks/.venv/lib/python3.13/site-packages/urllib3/connectionpool.py", line 788, in urlopen
    response = self._make_request(
        conn,
    ...<10 lines>...
        **response_kw,
    )
  File "/Users/a1/Desktop/github/tasks/.venv/lib/python3.13/site-packages/urllib3/connectionpool.py", line 536, in _make_request
    self._raise_timeout(err=e, url=url, timeout_value=read_timeout)
    ~~~~~~~~~~~~~~~~~~~^^^^^^^^^^^^^^^^^^^^^^^^^^^^^^^^^^^^^^^^^^^^
  File "/Users/a1/Desktop/github/tasks/.venv/lib/python3.13/site-packages/urllib3/connectionpool.py", line 367, in _raise_timeout
    raise ReadTimeoutError(
        self, url, f"Read timed out. (read timeout={timeout_value})"
    ) from err
urllib3.exceptions.ReadTimeoutError: HTTPSConnectionPool(host='api.telegram.org', port=443): Read timed out. (read timeout=30)

During handling of the above exception, another exception occurred:

Traceback (most recent call last):
  File "/Users/a1/Desktop/github/tasks/bot/main.py", line 147, in on_callback
    action_func(call, user, cb)
    ~~~~~~~~~~~^^^^^^^^^^^^^^^^
  File "/Users/a1/Desktop/github/tasks/bot/main.py", line 71, in <lambda>
    "back": lambda call, user, cb: dashboard.handle_dashboard_callback(bot, call, user),
                                   ~~~~~~~~~~~~~~~~~~~~~~~~~~~~~~~~~~~^^^^^^^^^^^^^^^^^
  File "/Users/a1/Desktop/github/tasks/bot/handlers/dashboard.py", line 59, in handle_dashboard_callback
    bot.edit_message_text(
    ~~~~~~~~~~~~~~~~~~~~~^
        render_dashboard_text(user),
        ^^^^^^^^^^^^^^^^^^^^^^^^^^^^
    ...<2 lines>...
        reply_markup=main_dashboard_kb(is_admin=is_admin, is_mentor_or_owner=is_mentor_owner),
        ^^^^^^^^^^^^^^^^^^^^^^^^^^^^^^^^^^^^^^^^^^^^^^^^^^^^^^^^^^^^^^^^^^^^^^^^^^^^^^^^^^^^^^
    )
    ^
  File "/Users/a1/Desktop/github/tasks/.venv/lib/python3.13/site-packages/telebot/__init__.py", line 6009, in edit_message_text
    result = apihelper.edit_message_text(
        self.token, text=text, chat_id=chat_id, message_id=message_id, inline_message_id=inline_message_id,
        parse_mode=parse_mode, entities=entities, reply_markup=reply_markup, link_preview_options=link_preview_options,
        business_connection_id=business_connection_id, timeout=timeout, rich_message=rich_message)
  File "/Users/a1/Desktop/github/tasks/.venv/lib/python3.13/site-packages/telebot/apihelper.py", line 1874, in edit_message_text
    return _make_request(token, method_url, params=payload, method='post')
  File "/Users/a1/Desktop/github/tasks/.venv/lib/python3.13/site-packages/telebot/apihelper.py", line 162, in _make_request
    result = _get_req_session().request(
        method, request_url, params=params, files=files,
        timeout=(connect_timeout, read_timeout), proxies=proxy)
  File "/Users/a1/Desktop/github/tasks/.venv/lib/python3.13/site-packages/requests/sessions.py", line 651, in request
    resp = self.send(prep, **send_kwargs)
  File "/Users/a1/Desktop/github/tasks/.venv/lib/python3.13/site-packages/requests/sessions.py", line 784, in send
    r = adapter.send(request, **kwargs)
  File "/Users/a1/Desktop/github/tasks/.venv/lib/python3.13/site-packages/requests/adapters.py", line 742, in send
    raise ReadTimeout(e, request=request)
requests.exceptions.ReadTimeout: HTTPSConnectionPool(host='api.telegram.org', port=443): Read timed out. (read timeout=30)

During handling of the above exception, another exception occurred:

Traceback (most recent call last):
  File "/Users/a1/Desktop/github/tasks/.venv/lib/python3.13/site-packages/telebot/__init__.py", line 1274, in __threaded_polling
    self.worker_pool.raise_exceptions()
    ~~~~~~~~~~~~~~~~~~~~~~~~~~~~~~~~~^^
  File "/Users/a1/Desktop/github/tasks/.venv/lib/python3.13/site-packages/telebot/util.py", line 155, in raise_exceptions
    raise self.exception_info
  File "/Users/a1/Desktop/github/tasks/.venv/lib/python3.13/site-packages/telebot/util.py", line 98, in run
    task(*args, **kwargs)
    ~~~~^^^^^^^^^^^^^^^^^
  File "/Users/a1/Desktop/github/tasks/.venv/lib/python3.13/site-packages/telebot/__init__.py", line 11409, in _run_middlewares_and_handler
    result = handler['function'](message)
  File "/Users/a1/Desktop/github/tasks/bot/main.py", line 153, in on_callback
    bot.answer_callback_query(call.id, "❌ Xatolik yuz berdi, qayta urinib ko'ring.")
    ~~~~~~~~~~~~~~~~~~~~~~~~~^^^^^^^^^^^^^^^^^^^^^^^^^^^^^^^^^^^^^^^^^^^^^^^^^^^^^^^^
  File "/Users/a1/Desktop/github/tasks/.venv/lib/python3.13/site-packages/telebot/__init__.py", line 7351, in answer_callback_query
    return apihelper.answer_callback_query(
           ~~~~~~~~~~~~~~~~~~~~~~~~~~~~~~~^
        self.token, callback_query_id, text=text, show_alert=show_alert, url=url, cache_time=cache_time)
        ^^^^^^^^^^^^^^^^^^^^^^^^^^^^^^^^^^^^^^^^^^^^^^^^^^^^^^^^^^^^^^^^^^^^^^^^^^^^^^^^^^^^^^^^^^^^^^^^
  File "/Users/a1/Desktop/github/tasks/.venv/lib/python3.13/site-packages/telebot/apihelper.py", line 2245, in answer_callback_query
    return _make_request(token, method_url, params=payload, method='post')
  File "/Users/a1/Desktop/github/tasks/.venv/lib/python3.13/site-packages/telebot/apihelper.py", line 168, in _make_request
    json_result = _check_result(method_name, result)
  File "/Users/a1/Desktop/github/tasks/.venv/lib/python3.13/site-packages/telebot/apihelper.py", line 197, in _check_result
    raise ApiTelegramException(method_name, result, result_json)
telebot.apihelper.ApiTelegramException: A request to the Telegram API was unsuccessful. Error code: 400. Description: Bad Request: query is too old and response timeout expired or query ID is invalid

[2026-07-22 10:47:59,097] INFO bot: update=callback user=8623551943 payload=stats:menu
[2026-07-22 10:48:02,123] INFO bot: update=callback user=8623551943 payload=focus:menu
[2026-07-22 10:48:03,860] INFO bot: update=callback user=8623551943 payload=nav:back:dashboard
[2026-07-22 10:48:05,621] INFO bot: update=callback user=8623551943 payload=notif:menu
[2026-07-22 10:48:11,770] INFO bot: update=callback user=8623551943 payload=ach:menu
[2026-07-22 10:48:13,759] INFO bot: update=callback user=8623551943 payload=ach:my_badges
[2026-07-22 10:48:23,593] INFO bot: update=callback user=8623551943 payload=ach:level_info
[2026-07-22 10:48:25,747] INFO bot: update=callback user=8623551943 payload=ach:next_goal
[2026-07-22 10:48:27,183] INFO bot: update=callback user=8623551943 payload=ach:leaderboard:all_time
[2026-07-22 10:48:30,125] INFO bot: update=callback user=8623551943 payload=ach:leaderboard:all_time
[2026-07-22 10:48:30,289] ERROR bot: XATO user=8623551943 context=ach:leaderboard:all_time error=A request to the Telegram API was unsuccessful. Error code: 400. Description: Bad Request: message is not modified: specified new message content and reply markup are exactly the same as a current content and reply markup of the message
Traceback (most recent call last):
  File "/Users/a1/Desktop/github/tasks/bot/main.py", line 147, in on_callback
    action_func(call, user, cb)
    ~~~~~~~~~~~^^^^^^^^^^^^^^^^
  File "/Users/a1/Desktop/github/tasks/bot/main.py", line 101, in <lambda>
    "leaderboard": lambda call, user, cb: achievements.handle_leaderboard(bot, call, user, cb),
                                          ~~~~~~~~~~~~~~~~~~~~~~~~~~~~~~~^^^^^^^^^^^^^^^^^^^^^
  File "/Users/a1/Desktop/github/tasks/bot/handlers/achievements.py", line 33, in handle_leaderboard
    bot.edit_message_text(
    ~~~~~~~~~~~~~~~~~~~~~^
        text, chat_id=call.message.chat.id, message_id=call.message.message_id,
        ^^^^^^^^^^^^^^^^^^^^^^^^^^^^^^^^^^^^^^^^^^^^^^^^^^^^^^^^^^^^^^^^^^^^^^^
        reply_markup=leaderboard_period_kb(),
        ^^^^^^^^^^^^^^^^^^^^^^^^^^^^^^^^^^^^^
    )
    ^
  File "/Users/a1/Desktop/github/tasks/.venv/lib/python3.13/site-packages/telebot/__init__.py", line 6009, in edit_message_text
    result = apihelper.edit_message_text(
        self.token, text=text, chat_id=chat_id, message_id=message_id, inline_message_id=inline_message_id,
        parse_mode=parse_mode, entities=entities, reply_markup=reply_markup, link_preview_options=link_preview_options,
        business_connection_id=business_connection_id, timeout=timeout, rich_message=rich_message)
  File "/Users/a1/Desktop/github/tasks/.venv/lib/python3.13/site-packages/telebot/apihelper.py", line 1874, in edit_message_text
    return _make_request(token, method_url, params=payload, method='post')
  File "/Users/a1/Desktop/github/tasks/.venv/lib/python3.13/site-packages/telebot/apihelper.py", line 168, in _make_request
    json_result = _check_result(method_name, result)
  File "/Users/a1/Desktop/github/tasks/.venv/lib/python3.13/site-packages/telebot/apihelper.py", line 197, in _check_result
    raise ApiTelegramException(method_name, result, result_json)
telebot.apihelper.ApiTelegramException: A request to the Telegram API was unsuccessful. Error code: 400. Description: Bad Request: message is not modified: specified new message content and reply markup are exactly the same as a current content and reply markup of the message
[2026-07-22 10:48:32,279] INFO bot: update=message user=8623551943 payload=/start
[2026-07-22 10:48:35,260] INFO bot: update=callback user=8623551943 payload=profile:menu
[2026-07-22 10:48:39,254] INFO bot: update=message user=8623551943 payload=/start
[2026-07-22 10:48:42,176] INFO bot: update=callback user=8623551943 payload=task:menu
[2026-07-22 10:48:44,892] INFO bot: update=callback user=8623551943 payload=task:list_upcoming:0
[2026-07-22 10:48:50,238] INFO bot: update=callback user=8623551943 payload=task:categories
[2026-07-22 10:48:52,493] INFO bot: update=callback user=8623551943 payload=task:search
[2026-07-22 10:48:54,704] INFO bot: update=callback user=8623551943 payload=task:list_done:0
[2026-07-22 10:48:56,318] INFO bot: update=callback user=8623551943 payload=nav:back:task:menu
[2026-07-22 10:48:58,538] INFO bot: update=callback user=8623551943 payload=task:menu
[2026-07-22 10:49:01,822] INFO bot: update=callback user=8623551943 payload=task:list:0
[2026-07-22 10:49:04,756] INFO bot: update=callback user=8623551943 payload=nav:back:task:menu
[2026-07-22 10:49:07,078] INFO bot: update=callback user=8623551943 payload=calendar:menu
[2026-07-22 10:49:09,061] INFO bot: update=callback user=8623551943 payload=nav:back:dashboard
[2026-07-22 10:49:10,777] INFO bot: update=callback user=8623551943 payload=task:menu
[2026-07-22 10:49:12,115] INFO bot: update=callback user=8623551943 payload=task:create
[2026-07-22 10:51:03,861] INFO bot: update=callback user=8623551943 payload=task:set_priority:2:medium
[2026-07-22 10:51:06,319] INFO bot: update=callback user=8623551943 payload=task:set_deadline:2:custom
[2026-07-22 10:51:12,073] INFO bot: update=callback user=8623551943 payload=task:set_deadline:2:3d
[2026-07-22 10:51:49,474] INFO bot: update=message user=8623551943 payload=/start
[2026-07-22 10:51:50,505] INFO bot: update=callback user=8623551943 payload=calendar:menu
[2026-07-22 10:51:54,349] INFO bot: update=callback user=8623551943 payload=calendar:month:2026:8
[2026-07-22 10:51:56,132] INFO bot: update=callback user=8623551943 payload=calendar:month:2026:7
[2026-07-22 10:52:02,626] INFO bot: update=callback user=8623551943 payload=calendar:day:2026:7:1
[2026-07-22 10:52:04,750] INFO bot: update=callback user=8623551943 payload=calendar:day:2026:7:2
[2026-07-22 10:52:05,547] INFO bot: update=callback user=8623551943 payload=calendar:day:2026:7:3
[2026-07-22 10:52:06,618] INFO bot: update=callback user=8623551943 payload=calendar:day:2026:7:4
[2026-07-22 10:52:07,061] INFO bot: update=callback user=8623551943 payload=calendar:day:2026:7:5
[2026-07-22 10:52:09,418] INFO bot: update=callback user=8623551943 payload=calendar:day:2026:7:22
[2026-07-22 10:52:46,813] INFO bot: update=callback user=8623551943 payload=calendar:day:2026:7:25
[2026-07-22 10:52:51,335] INFO bot: update=callback user=8623551943 payload=calendar:day:2026:7:19
[2026-07-22 10:53:35,270] INFO bot: update=callback user=8623551943 payload=nav:back:dashboard
[2026-07-22 10:53:36,987] INFO bot: update=callback user=8623551943 payload=group:menu
[2026-07-22 10:53:43,422] INFO bot: update=callback user=8623551943 payload=nav:back:dashboard
[2026-07-22 11:00:11,749] INFO bot: update=callback user=8623551943 payload=settings:menu
[2026-07-22 11:00:14,830] INFO bot: update=callback user=8623551943 payload=notif:menu
[2026-07-22 11:00:17,427] INFO bot: update=message user=8623551943 payload=/start
